[INFO] Scanning for projects...
[INFO] 
[INFO] -----------------------< com.jpay:core-banking >------------------------
[INFO] Building Jpay Core Banking 0.0.1-SNAPSHOT
[INFO]   from pom.xml
[INFO] --------------------------------[ jar ]---------------------------------
[INFO] 
[INFO] --- resources:3.3.1:resources (default-resources) @ core-banking ---
[INFO] Copying 1 resource from src\main\resources to target\classes
[INFO] Copying 0 resource from src\main\resources to target\classes
[INFO] 
[INFO] --- compiler:3.14.1:compile (default-compile) @ core-banking ---
[INFO] Nothing to compile - all classes are up to date.
[INFO] ------------------------------------------------------------------------
[INFO] BUILD SUCCESS
[INFO] ------------------------------------------------------------------------
[INFO] Total time:  1.384 s
[INFO] Finished at: 2026-03-18T18:57:49+07:00
[INFO] ------------------------------------------------------------------------
